\BOOKMARK [1][-]{section.5}{\376\377\000I\000n\000t\000r\000o\000d\000u\000c\000t\000i\000o\000n}{}% 1
\BOOKMARK [1][-]{section.6}{\376\377\000L\000i\000t\000e\000r\000a\000t\000u\000r\000e\000\040\000R\000e\000v\000i\000e\000w}{}% 2
\BOOKMARK [2][-]{subsection.7}{\376\377\000E\000a\000s\000t\000e\000r\000\040\000I\000s\000l\000a\000n\000d\000\040\000a\000n\000d\000\040\000R\000o\000n\000g\000o\000\040\000R\000o\000n\000g\000o}{section.6}% 3
\BOOKMARK [2][-]{subsection.8}{\376\377\000L\000i\000n\000e\000a\000r\000\040\000A}{section.6}% 4
\BOOKMARK [1][-]{section.9}{\376\377\000D\000a\000t\000a}{}% 5
\BOOKMARK [2][-]{subsection.10}{\376\377\000R\000o\000n\000g\000o\000\040\000R\000o\000n\000g\000o}{section.9}% 6
\BOOKMARK [2][-]{subsection.13}{\376\377\000L\000i\000n\000e\000a\000r\000\040\000A}{section.9}% 7
\BOOKMARK [1][-]{section.15}{\376\377\000M\000e\000t\000h\000o\000d\000o\000l\000o\000g\000y\000\040\000a\000n\000d\000\040\000R\000a\000t\000i\000o\000n\000a\000l\000e}{}% 8
\BOOKMARK [2][-]{subsection.16}{\376\377\000D\000a\000t\000a\000\040\000P\000r\000e\000p\000a\000r\000a\000t\000i\000o\000n}{section.15}% 9
\BOOKMARK [3][-]{subsubsection.17}{\376\377\000T\000o\000k\000e\000n\000i\000z\000a\000t\000i\000o\000n}{subsection.16}% 10
\BOOKMARK [3][-]{subsubsection.18}{\376\377\000S\000e\000q\000u\000e\000n\000c\000e\000\040\000C\000o\000n\000s\000t\000r\000u\000c\000t\000i\000o\000n}{subsection.16}% 11
\BOOKMARK [3][-]{subsubsection.19}{\376\377\000F\000r\000e\000q\000u\000e\000n\000c\000y\000\040\000R\000a\000n\000k\000\040\000N\000o\000r\000m\000a\000l\000i\000z\000a\000t\000i\000o\000n}{subsection.16}% 12
\BOOKMARK [2][-]{subsection.20}{\376\377\000M\000a\000c\000h\000i\000n\000e\000\040\000L\000e\000a\000r\000n\000i\000n\000g\000\040\000w\000i\000t\000h\000\040\000H\000D\000B\000S\000C\000A\000N}{section.15}% 13
\BOOKMARK [3][-]{subsubsection.22}{\376\377\000C\000o\000r\000p\000u\000s\000\040\000I\000n\000g\000e\000s\000t\000i\000o\000n}{subsection.20}% 14
\BOOKMARK [3][-]{subsubsection.23}{\376\377\000V\000e\000c\000t\000o\000r\000i\000z\000a\000t\000i\000o\000n}{subsection.20}% 15
\BOOKMARK [3][-]{subsubsection.24}{\376\377\000D\000i\000m\000e\000n\000s\000i\000o\000a\000l\000i\000t\000y\000\040\000R\000e\000d\000u\000c\000t\000i\000o\000n}{subsection.20}% 16
\BOOKMARK [3][-]{subsubsection.25}{\376\377\000H\000D\000B\000S\000C\000A\000N\000\040\000C\000l\000u\000s\000t\000e\000r\000i\000n\000g}{subsection.20}% 17
\BOOKMARK [3][-]{subsubsection.26}{\376\377\000T\000o\000p\000i\000c\000\040\000E\000x\000t\000r\000a\000c\000t\000i\000o\000n}{subsection.20}% 18
\BOOKMARK [3][-]{subsubsection.27}{\376\377\0003\000D\000\040\000P\000r\000o\000j\000e\000c\000t\000i\000o\000n}{subsection.20}% 19
\BOOKMARK [3][-]{subsubsection.28}{\376\377\000I\000n\000t\000e\000r\000a\000c\000t\000i\000v\000e\000\040\000V\000i\000s\000u\000a\000l\000i\000z\000a\000t\000i\000o\000n}{subsection.20}% 20
\BOOKMARK [2][-]{subsection.29}{\376\377\000I\000n\000f\000o\000r\000m\000a\000t\000i\000o\000n\000\040\000T\000h\000e\000o\000r\000e\000t\000i\000c\000a\000l}{section.15}% 21
\BOOKMARK [3][-]{subsubsection.30}{\376\377\000N\000-\000g\000r\000a\000m\000\040\000C\000o\000n\000s\000t\000r\000u\000c\000t\000i\000o\000n}{subsection.29}% 22
\BOOKMARK [3][-]{subsubsection.31}{\376\377\000F\000r\000e\000q\000u\000e\000n\000c\000y\000\040\000e\000s\000t\000i\000m\000a\000t\000i\000o\000n}{subsection.29}% 23
\BOOKMARK [3][-]{subsubsection.32}{\376\377\000E\000n\000t\000r\000o\000p\000y\000\040\000a\000n\000d\000\040\000R\000e\000d\000u\000n\000d\000a\000n\000c\000y}{subsection.29}% 24
\BOOKMARK [3][-]{subsubsection.33}{\376\377\000K\000e\000y\000s\000p\000a\000c\000e\000,\000\040\000U\000n\000i\000c\000i\000t\000y\000\040\000D\000i\000s\000t\000a\000n\000c\000e\000\040\000a\000n\000d\000\040\000T\000h\000e\000o\000r\000e\000t\000i\000c\000a\000l\000\040\000D\000e\000c\000i\000p\000h\000e\000r\000a\000b\000i\000l\000i\000t\000y\000\040\000M\000a\000r\000g\000i\000n}{subsection.29}% 25
\BOOKMARK [1][-]{section.34}{\376\377\000A\000n\000a\000l\000y\000s\000i\000s\000\040\000a\000n\000d\000\040\000R\000e\000s\000u\000l\000t\000s}{}% 26
\BOOKMARK [1][-]{section.35}{\376\377\000D\000i\000s\000c\000u\000s\000s\000i\000o\000n\000\040\000a\000n\000d\000\040\000F\000u\000t\000u\000r\000e\000\040\000W\000o\000r\000k}{}% 27
\BOOKMARK [1][-]{appendix.36}{\376\377\000T\000O\000D\000O}{}% 28
\BOOKMARK [1][-]{appendix.38}{\376\377\000T\000O\000D\000O\0002}{}% 29
